// Jest Snapshot v1, https://goo.gl/fbAQLP

exports[`<ProfileAvatar /> component should match snapshot 1`] = `
<div
  className="MuiAvatar-root MuiAvatar-circular MuiAvatar-colorDefault"
>
  <Image
    alt="Test Alt Text"
    height={40}
    src="test-file-stub"
    width={40}
  />
</div>
`;
