// Jest Snapshot v1, https://goo.gl/fbAQLP

exports[`404 error page should match snapshot 1`] = `
<main
  className="MuiContainer-root MuiContainer-maxWidthXs"
>
  <h1
    className="MuiTypography-root MuiTypography-h2 MuiTypography-gutterBottom"
  >
    PÃ¡gina nÃ£oÂ encontrada
  </h1>
  <p
    className="MuiTypography-root MuiTypography-h4 MuiTypography-paragraph"
  >
    Desculpe
     
    <span
      aria-label="Emoji pensativo"
      role="img"
    >
      ğŸ˜”
    </span>
     
    a pÃ¡gina que vocÃª procura nÃ£o foi encontrada.
  </p>
  <a
    aria-disabled={false}
    className="MuiButtonBase-root MuiButton-root MuiButton-outlined"
    href="/"
    onBlur={[Function]}
    onClick={[Function]}
    onDragLeave={[Function]}
    onFocus={[Function]}
    onKeyDown={[Function]}
    onKeyUp={[Function]}
    onMouseDown={[Function]}
    onMouseEnter={[Function]}
    onMouseLeave={[Function]}
    onMouseUp={[Function]}
    onTouchEnd={[Function]}
    onTouchMove={[Function]}
    onTouchStart={[Function]}
    tabIndex={0}
  >
    <span
      className="MuiButton-label"
    >
      Voltar ao inÃ­cio
    </span>
  </a>
</main>
`;
